cel batch machine: interpreter vs compiled trace, by regime
thread-CPU timing, best batch of >= 20 ms; every tier checked against the walker

== C. Coverage: what lowers, asked with and without the caller's functions
   `from_program` is what the two existing boards call. `from_program_in` is handed
   the Context that carries the user's functions.

                     case     from_program  from_program_in   reason it declines
              conditional           lowers           lowers   
        nested_arithmetic           lowers           lowers   
                   policy           lowers           lowers   
              list_exists           lowers           lowers   
          custom_function         declines           lowers   bare: unsupported for majit lowering: call `add`

== A. Crossover: the same bound program, interpreted and compiled, per batch size
   `clean` is the batch machine's interpreter over lowered code; `jit` is the compiled
   trace. ns/call is the whole call; ns/row divides by the batch size.

conditional  `x > 10 ? x * 2 : x + 5`
     rows     clean ns       jit ns jit/clean |  clean/row    jit/row | enter/call gfail/call
        1         13.4        106.5     7.95x |      13.39     106.49 |       1.00       0.00
        2         22.5        104.6     4.65x |      11.25      52.32 |       1.00       0.00
        4         35.6        133.3     3.74x |       8.91      33.33 |       1.00       0.00
        8         81.8        145.0     1.77x |      10.23      18.12 |       1.00       0.00
       16        145.4        162.5     1.12x |       9.09      10.15 |       1.00       0.00
       32        295.9        197.1     0.67x |       9.25       6.16 |       1.00       0.00
       64        574.0        240.3     0.42x |       8.97       3.75 |       1.00       0.00
      128       1077.7        377.3     0.35x |       8.42       2.95 |       1.00       0.00
      256       2184.4        632.7     0.29x |       8.53       2.47 |       1.00       0.00
      512       4056.8       1001.3     0.25x |       7.92       1.96 |       1.00       0.00
     2048      23329.5       4283.7     0.18x |      11.39       2.09 |       1.00       0.00
     8192      73257.9      17200.3     0.23x |       8.94       2.10 |       1.00       0.00
   -> compiling pays from 32 rows up

nested_arithmetic  `((a + b) * (c - d)) / ((e + f) - (g * h))`
     rows     clean ns       jit ns jit/clean |  clean/row    jit/row | enter/call gfail/call
        1         20.8        113.4     5.45x |      20.82     113.38 |       1.00       0.00
        2         35.5        121.6     3.43x |      17.74      60.79 |       1.00       0.00
        4         73.9        161.7     2.19x |      18.49      40.44 |       1.00       0.00
        8        136.3        183.2     1.34x |      17.03      22.89 |       1.00       0.00
       16        247.5        235.7     0.95x |      15.47      14.73 |       1.00       0.00
       32        489.4        322.1     0.66x |      15.29      10.07 |       1.00       0.00
       64        943.6        533.3     0.57x |      14.74       8.33 |       1.00       0.00
      128       1960.4        947.6     0.48x |      15.32       7.40 |       1.00       0.00
      256       3834.0       1696.0     0.44x |      14.98       6.62 |       1.00       0.00
      512       8399.4       3340.7     0.40x |      16.40       6.52 |       1.00       0.00
     2048      37079.3      16065.4     0.43x |      18.11       7.84 |       1.00       0.00
     8192     124314.8      56881.8     0.46x |      15.18       6.94 |       1.00       0.00
   -> compiling pays from 16 rows up

policy  `user.age >= 18 && user.role in ["admin", "moderator"] && request.method == "POST" && request.path.startsWith("/api/")`
     rows     clean ns       jit ns jit/clean |  clean/row    jit/row | enter/call gfail/call
        1         19.7        119.8     6.09x |      19.69     119.83 |       1.00       0.00
        2         44.7        127.5     2.85x |      22.34      63.73 |       1.00       0.00
        4         90.4        173.3     1.92x |      22.61      43.33 |       1.00       0.00
        8        168.7        188.5     1.12x |      21.09      23.56 |       1.00       0.00
       16        285.9        214.4     0.75x |      17.87      13.40 |       1.00       0.00
       32        572.7        216.1     0.38x |      17.90       6.75 |       1.00       0.00
       64       1169.3        292.3     0.25x |      18.27       4.57 |       1.00       0.00
      128       2412.3        436.3     0.18x |      18.85       3.41 |       1.00       0.00
      256       4898.8        699.8     0.14x |      19.14       2.73 |       1.00       0.00
      512       8582.9       1265.0     0.15x |      16.76       2.47 |       1.00       0.00
     2048      33788.1       4826.2     0.14x |      16.50       2.36 |       1.00       0.00
     8192     135982.3      22617.8     0.17x |      16.60       2.76 |       1.00       0.00
   -> compiling pays from 16 rows up

list_exists  `list.exists(e, e > 100)`
     rows     clean ns       jit ns jit/clean |  clean/row    jit/row | enter/call gfail/call
        1         80.0        136.3     1.70x |      79.98     136.28 |       1.00       0.00
        2        162.5        145.5     0.90x |      81.26      72.76 |       1.00       0.00
        4        315.1        164.7     0.52x |      78.78      41.17 |       1.00       0.00
        8        631.5        185.2     0.29x |      78.94      23.15 |       1.00       0.00
       16       1234.4        243.4     0.20x |      77.15      15.21 |       1.00       0.00
       32       2428.5        347.2     0.14x |      75.89      10.85 |       1.00       0.00
       64       4735.6        532.5     0.11x |      73.99       8.32 |       1.00       0.00
      128       9533.2       1045.1     0.11x |      74.48       8.16 |       1.00       0.00
      256      18832.5       1836.8     0.10x |      73.56       7.17 |       1.00       0.00
      512      38721.8       3527.5     0.09x |      75.63       6.89 |       1.00       0.00
     2048     152060.9      13353.3     0.09x |      74.25       6.52 |       1.00       0.00
     8192     614566.4      52990.6     0.09x |      75.02       6.47 |       1.00       0.00
   -> compiling pays from 2 rows up

custom_function  `add(x, y) + multiply(a, b)`
     rows     clean ns       jit ns jit/clean |  clean/row    jit/row | enter/call gfail/call
        1         17.4        115.0     6.61x |      17.41     115.03 |       1.00       0.00
        2         29.1        120.2     4.13x |      14.57      60.12 |       1.00       0.00
        4         58.5        152.1     2.60x |      14.63      38.02 |       1.00       0.00
        8         99.0        176.6     1.78x |      12.37      22.08 |       1.00       0.00
       16        173.7        235.4     1.36x |      10.86      14.71 |       1.00       0.00
       32        342.8        308.0     0.90x |      10.71       9.62 |       1.00       0.00
       64        690.2        497.9     0.72x |      10.78       7.78 |       1.00       0.00
      128       1390.3        825.7     0.59x |      10.86       6.45 |       1.00       0.00
      256       2491.4       1547.1     0.62x |       9.73       6.04 |       1.00       0.00
      512       4968.6       2974.0     0.60x |       9.70       5.81 |       1.00       0.00
     2048      19082.1      11598.9     0.61x |       9.32       5.66 |       1.00       0.00
     8192      84057.1      47070.2     0.56x |      10.26       5.75 |       1.00       0.00
   -> compiling pays from 32 rows up

== B. Accumulation: one row per call, many calls, no warm-up given
   The question this answers: a server builds a fresh activation per request and
   evaluates it once, but the requests keep coming -- does the JIT ever fire?
   `entries` counts calls that ENTERED compiled code, so a non-zero column is the
   door firing. The window costs are wall-clock over the window, not best-of.

                     case      calls window ns/call   compiles    entries
              conditional          1     321583.0          1          0
                                  10       1152.8          1          9
                                 100        119.4          1         99
                                1000        115.2          1        999
                                5000        113.5          1       4999
                               20000        111.5          1      19999
                             settled        108.7 settled: clean 14.0 ns, jit 108.7 ns (7.75x)
        nested_arithmetic          1     634708.0          1          0
                                  10        379.6          1          9
                                 100        119.0          1         99
                                1000        113.0          1        999
                                5000        112.9          1       4999
                               20000        114.0          1      19999
                             settled        116.3 settled: clean 18.9 ns, jit 116.3 ns (6.14x)
                   policy          1     396583.0          1          0
                                  10        407.3          1          9
                                 100        122.2          1         99
                                1000        113.5          1        999
                                5000        114.0          1       4999
                               20000        112.1          1      19999
                             settled        110.5 settled: clean 18.0 ns, jit 110.5 ns (6.15x)
              list_exists          1       1875.0          1          2
                                  10        606.4          1         11
                                 100        387.5          1        101
                                1000        344.8          1       1001
                                5000        144.7          1       5001
                               20000        144.6          1      20001
                             settled        137.9 settled: clean 80.9 ns, jit 137.9 ns (1.70x)
          custom_function          1     348958.0          1          0
                                  10        393.6          1          9
                                 100        117.1          1         99
                                1000        110.0          1        999
                                5000        109.6          1       4999
                               20000        109.7          1      19999
                             settled        113.0 settled: clean 17.4 ns, jit 113.0 ns (6.51x)

